------------------------------------------------------------
Timing Analyzer Summary
------------------------------------------------------------

Type  : Slow 1100mV 85C Model Setup 'control_master:game|control_game:control|current_state.COMP'
Slack : -10.959
TNS   : -190.280

Type  : Slow 1100mV 85C Model Setup 'control_master:game|rate_divider:div|count[0]'
Slack : -9.522
TNS   : -757.805

Type  : Slow 1100mV 85C Model Setup 'CLOCK_50'
Slack : -5.197
TNS   : -1651.348

Type  : Slow 1100mV 85C Model Setup 'VGA|mypll|altpll_component|auto_generated|generic_pll1~PLL_OUTPUT_COUNTER|divclk'
Slack : 34.089
TNS   : 0.000

Type  : Slow 1100mV 85C Model Hold 'control_master:game|rate_divider:div|count[0]'
Slack : 0.333
TNS   : 0.000

Type  : Slow 1100mV 85C Model Hold 'CLOCK_50'
Slack : 0.361
TNS   : 0.000

Type  : Slow 1100mV 85C Model Hold 'VGA|mypll|altpll_component|auto_generated|generic_pll1~PLL_OUTPUT_COUNTER|divclk'
Slack : 0.375
TNS   : 0.000

Type  : Slow 1100mV 85C Model Hold 'control_master:game|control_game:control|current_state.COMP'
Slack : 1.684
TNS   : 0.000

Type  : Slow 1100mV 85C Model Minimum Pulse Width 'control_master:game|rate_divider:div|count[0]'
Slack : -0.491
TNS   : -99.119

Type  : Slow 1100mV 85C Model Minimum Pulse Width 'control_master:game|control_game:control|current_state.COMP'
Slack : -0.261
TNS   : -4.415

Type  : Slow 1100mV 85C Model Minimum Pulse Width 'VGA|mypll|altpll_component|auto_generated|generic_pll1~FRACTIONAL_PLL|vcoph[0]'
Slack : 1.666
TNS   : 0.000

Type  : Slow 1100mV 85C Model Minimum Pulse Width 'CLOCK_50'
Slack : 8.872
TNS   : 0.000

Type  : Slow 1100mV 85C Model Minimum Pulse Width 'VGA|mypll|altpll_component|auto_generated|generic_pll1~PLL_OUTPUT_COUNTER|divclk'
Slack : 18.774
TNS   : 0.000

Type  : Slow 1100mV 0C Model Setup 'control_master:game|control_game:control|current_state.COMP'
Slack : -11.017
TNS   : -189.288

Type  : Slow 1100mV 0C Model Setup 'control_master:game|rate_divider:div|count[0]'
Slack : -9.505
TNS   : -756.842

Type  : Slow 1100mV 0C Model Setup 'CLOCK_50'
Slack : -4.888
TNS   : -1527.116

Type  : Slow 1100mV 0C Model Setup 'VGA|mypll|altpll_component|auto_generated|generic_pll1~PLL_OUTPUT_COUNTER|divclk'
Slack : 34.389
TNS   : 0.000

Type  : Slow 1100mV 0C Model Hold 'CLOCK_50'
Slack : 0.243
TNS   : 0.000

Type  : Slow 1100mV 0C Model Hold 'control_master:game|rate_divider:div|count[0]'
Slack : 0.302
TNS   : 0.000

Type  : Slow 1100mV 0C Model Hold 'VGA|mypll|altpll_component|auto_generated|generic_pll1~PLL_OUTPUT_COUNTER|divclk'
Slack : 0.352
TNS   : 0.000

Type  : Slow 1100mV 0C Model Hold 'control_master:game|control_game:control|current_state.COMP'
Slack : 1.547
TNS   : 0.000

Type  : Slow 1100mV 0C Model Minimum Pulse Width 'control_master:game|rate_divider:div|count[0]'
Slack : -0.511
TNS   : -101.012

Type  : Slow 1100mV 0C Model Minimum Pulse Width 'control_master:game|control_game:control|current_state.COMP'
Slack : -0.272
TNS   : -4.238

Type  : Slow 1100mV 0C Model Minimum Pulse Width 'VGA|mypll|altpll_component|auto_generated|generic_pll1~FRACTIONAL_PLL|vcoph[0]'
Slack : 1.666
TNS   : 0.000

Type  : Slow 1100mV 0C Model Minimum Pulse Width 'CLOCK_50'
Slack : 8.827
TNS   : 0.000

Type  : Slow 1100mV 0C Model Minimum Pulse Width 'VGA|mypll|altpll_component|auto_generated|generic_pll1~PLL_OUTPUT_COUNTER|divclk'
Slack : 18.758
TNS   : 0.000

Type  : Fast 1100mV 85C Model Setup 'control_master:game|control_game:control|current_state.COMP'
Slack : -6.552
TNS   : -110.339

Type  : Fast 1100mV 85C Model Setup 'control_master:game|rate_divider:div|count[0]'
Slack : -5.015
TNS   : -401.299

Type  : Fast 1100mV 85C Model Setup 'CLOCK_50'
Slack : -3.291
TNS   : -1083.812

Type  : Fast 1100mV 85C Model Setup 'VGA|mypll|altpll_component|auto_generated|generic_pll1~PLL_OUTPUT_COUNTER|divclk'
Slack : 35.664
TNS   : 0.000

Type  : Fast 1100mV 85C Model Hold 'control_master:game|rate_divider:div|count[0]'
Slack : 0.127
TNS   : 0.000

Type  : Fast 1100mV 85C Model Hold 'CLOCK_50'
Slack : 0.178
TNS   : 0.000

Type  : Fast 1100mV 85C Model Hold 'VGA|mypll|altpll_component|auto_generated|generic_pll1~PLL_OUTPUT_COUNTER|divclk'
Slack : 0.208
TNS   : 0.000

Type  : Fast 1100mV 85C Model Hold 'control_master:game|control_game:control|current_state.COMP'
Slack : 0.877
TNS   : 0.000

Type  : Fast 1100mV 85C Model Minimum Pulse Width 'control_master:game|rate_divider:div|count[0]'
Slack : -0.207
TNS   : -11.331

Type  : Fast 1100mV 85C Model Minimum Pulse Width 'control_master:game|control_game:control|current_state.COMP'
Slack : -0.135
TNS   : -1.561

Type  : Fast 1100mV 85C Model Minimum Pulse Width 'VGA|mypll|altpll_component|auto_generated|generic_pll1~FRACTIONAL_PLL|vcoph[0]'
Slack : 1.666
TNS   : 0.000

Type  : Fast 1100mV 85C Model Minimum Pulse Width 'CLOCK_50'
Slack : 8.806
TNS   : 0.000

Type  : Fast 1100mV 85C Model Minimum Pulse Width 'VGA|mypll|altpll_component|auto_generated|generic_pll1~PLL_OUTPUT_COUNTER|divclk'
Slack : 18.889
TNS   : 0.000

Type  : Fast 1100mV 0C Model Setup 'control_master:game|control_game:control|current_state.COMP'
Slack : -5.889
TNS   : -100.865

Type  : Fast 1100mV 0C Model Setup 'control_master:game|rate_divider:div|count[0]'
Slack : -4.523
TNS   : -366.689

Type  : Fast 1100mV 0C Model Setup 'CLOCK_50'
Slack : -2.696
TNS   : -872.991

Type  : Fast 1100mV 0C Model Setup 'VGA|mypll|altpll_component|auto_generated|generic_pll1~PLL_OUTPUT_COUNTER|divclk'
Slack : 36.236
TNS   : 0.000

Type  : Fast 1100mV 0C Model Hold 'control_master:game|rate_divider:div|count[0]'
Slack : 0.103
TNS   : 0.000

Type  : Fast 1100mV 0C Model Hold 'CLOCK_50'
Slack : 0.168
TNS   : 0.000

Type  : Fast 1100mV 0C Model Hold 'VGA|mypll|altpll_component|auto_generated|generic_pll1~PLL_OUTPUT_COUNTER|divclk'
Slack : 0.189
TNS   : 0.000

Type  : Fast 1100mV 0C Model Hold 'control_master:game|control_game:control|current_state.COMP'
Slack : 0.793
TNS   : 0.000

Type  : Fast 1100mV 0C Model Minimum Pulse Width 'control_master:game|rate_divider:div|count[0]'
Slack : -0.150
TNS   : -6.425

Type  : Fast 1100mV 0C Model Minimum Pulse Width 'control_master:game|control_game:control|current_state.COMP'
Slack : -0.033
TNS   : -0.042

Type  : Fast 1100mV 0C Model Minimum Pulse Width 'VGA|mypll|altpll_component|auto_generated|generic_pll1~FRACTIONAL_PLL|vcoph[0]'
Slack : 1.666
TNS   : 0.000

Type  : Fast 1100mV 0C Model Minimum Pulse Width 'CLOCK_50'
Slack : 8.798
TNS   : 0.000

Type  : Fast 1100mV 0C Model Minimum Pulse Width 'VGA|mypll|altpll_component|auto_generated|generic_pll1~PLL_OUTPUT_COUNTER|divclk'
Slack : 18.889
TNS   : 0.000

------------------------------------------------------------
